
> rest-express@1.0.0 build
> vite build

[36mvite v7.3.0 [32mbuilding client environment for production...[36m[39m
transforming...
[32m✓[39m 295 modules transformed.
[31m✗[39m Build failed in 2.85s
[31merror during build:
[31mCould not resolve "../../replit_integrations/audio" from "src/components/ChatWidget.tsx"[31m
file: [36mC:/Users/Shankar R/Downloads/Skillsyncc_version-1/src/components/ChatWidget.tsx[31m
    at getRollupError (file:///C:/Users/Shankar%20R/Downloads/Skillsyncc_version-1/node_modules/rollup/dist/es/shared/parseAst.js:401:41)
    at error (file:///C:/Users/Shankar%20R/Downloads/Skillsyncc_version-1/node_modules/rollup/dist/es/shared/parseAst.js:397:42)
    at ModuleLoader.handleInvalidResolvedId (file:///C:/Users/Shankar%20R/Downloads/Skillsyncc_version-1/node_modules/rollup/dist/es/shared/node-entry.js:21633:24)
    at file:///C:/Users/Shankar%20R/Downloads/Skillsyncc_version-1/node_modules/rollup/dist/es/shared/node-entry.js:21593:26[39m
